App.tsx(45,18): error TS2307: Cannot find module './assets/logo.png' or its corresponding type declarations.
components/FormsView.tsx(12,24): error TS2307: Cannot find module '../assets/desenho-filtro.png' or its corresponding type declarations.
